irun(64): 15.20-s051: (c) Copyright 1995-2018 Cadence Design Systems, Inc.
TOOL:	irun(64)	15.20-s051: Started on Feb 17, 2019 at 06:49:33 IST
irun
	-access +rwc
	pp.v
	pp_tb.v
Recompiling... reason: file './pp_tb.v' is newer than expected.
	expected: Sun Feb 17 06:48:03 2019
	actual:   Sun Feb 17 06:49:30 2019
file: pp_tb.v
	module worklib.sha256_padder_tb:v
		errors: 0, warnings: 0
		Caching library 'worklib' ....... Done
	Elaborating the design hierarchy:
	Top level design units:
		sha256_padder_tb
	Building instance overlay tables: .................... Done
	Generating native compiled code:
		worklib.sha256_padder_tb:v <0x2a2bc3a2>
			streams:  19, words: 16593
	Building instance specific data structures.
	Loading native compiled code:     .................... Done
	Design hierarchy summary:
		                 Instances  Unique
		Modules:                 2       2
		Registers:              24      24
		Scalar wires:            7       -
		Vectored wires:          3       -
		Always blocks:           3       3
		Initial blocks:          5       5
		Pseudo assignments:      6       6
		Simulation timescale:  1ps
	Writing initial simulation snapshot: worklib.sha256_padder_tb:v
Loading snapshot worklib.sha256_padder_tb:v .................... Done
ncsim> source /tools/cadence/INCISIVE152/tools/inca/files/ncsimrc
ncsim> run

TEST 1: 'abc'

--- Block 0 Output ---
W[00] = 61626380
W[01] = 00000000
W[02] = 00000000
W[03] = 00000000
W[04] = 00000000
W[05] = 00000000
W[06] = 00000000
W[07] = 00000000
W[08] = 00000000
W[09] = 00000000
W[10] = 00000000
W[11] = 00000000
W[12] = 00000000
W[13] = 00000000
W[14] = 00000000
W[15] = 00000018

TEST 2: 45 'a's

--- Block 0 Output ---
W[00] = 61616161
W[01] = 61616161
W[02] = 61616161
W[03] = 61616161
W[04] = 61616161
W[05] = 61616161
W[06] = 61616161
W[07] = 61616161
W[08] = 61616161
W[09] = 61616161
W[10] = 61616161
W[11] = 61800000
W[12] = 00000000
W[13] = 00000000
W[14] = 00000000
W[15] = 00000168

TEST 3: FIPS Multi-block (56 Bytes)

--- Block 0 Output ---
W[00] = 61626364
W[01] = 62636465
W[02] = 63646566
W[03] = 64656667
W[04] = 65666768
W[05] = 66676869
W[06] = 6768696a
W[07] = 68696a6b
W[08] = 696a6b6c
W[09] = 6a6b6c6d
W[10] = 6b6c6d6e
W[11] = 6c6d6e6f
W[12] = 6d6e6f70
W[13] = 6e6f7071
W[14] = 80000000
W[15] = 00000000

--- Block 1 Output ---
W[00] = 00000000
W[01] = 00000000
W[02] = 00000000
W[03] = 00000000
W[04] = 00000000
W[05] = 00000000
W[06] = 00000000
W[07] = 00000000
W[08] = 00000000
W[09] = 00000000
W[10] = 00000000
W[11] = 00000000
W[12] = 00000000
W[13] = 00000000
W[14] = 00000000
W[15] = 000001c0

All Tests Complete.
Simulation complete via $finish(1) at time 1525 NS + 0
./pp_tb.v:234         $finish;
ncsim> exit
TOOL:	irun(64)	15.20-s051: Exiting on Feb 17, 2019 at 06:49:34 IST  (total: 00:00:01)
