irun(64): 15.20-s051: (c) Copyright 1995-2018 Cadence Design Systems, Inc.
TOOL:	irun(64)	15.20-s051: Started on Mar 09, 2019 at 00:48:11 IST
irun
	-access +rwc
	pad.v
	pad_tb.v
	-define SHA512
Recompiling... reason: file './pad.v' is newer than expected.
	expected: Fri Mar  8 05:13:16 2019
	actual:   Sat Mar  9 00:44:57 2019
		Caching library 'worklib' ....... Done
	Elaborating the design hierarchy:
	Top level design units:
		tb_sha256_padder
	Building instance overlay tables: .................... Done
	Building instance specific data structures.
	Loading native compiled code:     .................... Done
	Design hierarchy summary:
		                 Instances  Unique
		Modules:                 2       2
		Registers:              19      19
		Scalar wires:            9       -
		Vectored wires:         19       -
		Always blocks:           5       5
		Initial blocks:          3       3
		Cont. assignments:      17      17
		Pseudo assignments:      8       8
		Simulation timescale:  1ps
	Writing initial simulation snapshot: worklib.tb_sha256_padder:v
Loading snapshot worklib.tb_sha256_padder:v .................... Done
ncsim> source /tools/cadence/INCISIVE152/tools/inca/files/ncsimrc
ncsim> run

--- Test 7: NIST Two Block Message (56 bytes) ---

--- Excel Case A1: 1st Word, 1 Byte (11...) ---
SHA512

[Time 95000] BLOCK VALID (FINAL=1)
    DATA: 1180000000000000000000000000000000000000000000000000000000000000000000000000000000000000000000000000000000000000000000000000000000000000000000000000000000000000000000000000000000000000000000000000000000000000000000000000000000000000000000000000000000000008
    -> LENGTH FIELD: 0000000000000000 0000000000000008

--- Excel Case A2: 1st Word, 2 Bytes (1122...) ---
SHA512

[Time 215000] BLOCK VALID (FINAL=1)
    DATA: 1122800000000000000000000000000000000000000000000000000000000000000000000000000000000000000000000000000000000000000000000000000000000000000000000000000000000000000000000000000000000000000000000000000000000000000000000000000000000000000000000000000000000010
    -> LENGTH FIELD: 0000000000000000 0000000000000010

--- Excel Case A3: 1st Word, 3 Bytes (112233...) ---
SHA512

[Time 335000] BLOCK VALID (FINAL=1)
    DATA: 1122338000000000000000000000000000000000000000000000000000000000000000000000000000000000000000000000000000000000000000000000000000000000000000000000000000000000000000000000000000000000000000000000000000000000000000000000000000000000000000000000000000000018
    -> LENGTH FIELD: 0000000000000000 0000000000000018

--- Excel Case A4: 1st Word, 4 Bytes (1122334455667799) ---
SHA512

[Time 455000] BLOCK VALID (FINAL=1)
    DATA: 1122334455667799800000000000000000000000000000000000000000000000000000000000000000000000000000000000000000000000000000000000000000000000000000000000000000000000000000000000000000000000000000000000000000000000000000000000000000000000000000000000000000000040
    -> LENGTH FIELD: 0000000000000000 0000000000000040

--- Excel Case B1: 14th Word, 1 Byte ---
SHA512

[Time 705000] BLOCK VALID (FINAL=1)
    DATA: 6363636363636363636363636363636363636363636363636363636363636363636363636363636363636363636363636363636363636363636363636363636363636363636363636363636363636363636363636363636363636363636363636363636363636363638000000000000000000000000000000000000000000348
    -> LENGTH FIELD: 0000000000000000 0000000000000348

--- Excel Case B2: 14th Word, 2 Bytes ---
SHA512

[Time 955000] BLOCK VALID (FINAL=1)
    DATA: 6262626262626262626262626262626262626262626262626262626262626262626262626262626262626262626262626262626262626262626262626262626262626262626262626262626262626262626262626262626262626262626262626262626262626262626280000000000000000000000000000000000000000350
    -> LENGTH FIELD: 0000000000000000 0000000000000350

--- Excel Case B3: 14th Word, 5 Bytes ---
SHA512

[Time 1205000] BLOCK VALID (FINAL=1)
    DATA: 6161616161616161616161616161616161616161616161616161616161616161616161616161616161616161616161616161616161616161616161616161616161616161616161616161616161616161616161616161616161616161616161616161616161616161626262626280000000000000000000000000000000000368
    -> LENGTH FIELD: 0000000000000000 0000000000000368

--- Excel Case B4: 14 Full Words (Overflow) ---
SHA512

[Time 1455000] BLOCK VALID (FINAL=0)
    DATA: 6161616161616161616161616161616161616161616161616161616161616161616161616161616161616161616161616161616161616161616161616161616161616161616161616161616161616161616161616161616161616161616161616161616161616161616161616161616180000000000000000000000000000000

[Time 1475000] BLOCK VALID (FINAL=0)
    DATA: 0000000000000000000000000000000000000000000000000000000000000000000000000000000000000000000000000000000000000000000000000000000000000000000000000000000000000000000000000000000000000000000000000000000000000000000000000000000000000000000000000000000000000380

--- Excel Case: 16th Word, Pass Only 7 Bytes ---
SHA512

[Time 1825000] BLOCK VALID (FINAL=0)
    DATA: 6161616161616161616161616161616161616161616161616161616161616161616161616161616161616161616161616161616161616161616161616161616161616161616161616161616161616161616161616161616161616161616161616161616161616161616161616161616161616161616161616363636363636380

[Time 1845000] BLOCK VALID (FINAL=0)
    DATA: 00000000000000000000000000000000000000000000000000000000000000000000000000000000000000000000000000000000000000000000000000000000000000000000000000000000000000000000000000000000000000000000000000000000000000000000000000000000000000000000000000000000000003f8

--- Excel Case: 16th Word, Pass Only 2 Bytes ---
SHA512

[Time 2195000] BLOCK VALID (FINAL=0)
    DATA: 6161616161616161616161616161616161616161616161616161616161616161616161616161616161616161616161616161616161616161616161616161616161616161616161616161616161616161616161616161616161616161616161616161616161616161616161616161616161616161616161616161800000000000

[Time 2215000] BLOCK VALID (FINAL=0)
    DATA: 00000000000000000000000000000000000000000000000000000000000000000000000000000000000000000000000000000000000000000000000000000000000000000000000000000000000000000000000000000000000000000000000000000000000000000000000000000000000000000000000000000000000003d0

--- Excel Case: 16th Word, Pass Only 4 Bytes ---
SHA512

[Time 2565000] BLOCK VALID (FINAL=0)
    DATA: 6161616161616161616161616161616161616161616161616161616161616161616161616161616161616161616161616161616161616161616161616161616161616161616161616161616161616161616161616161616161616161616161616161616161616161616161616161616161616161616161616161616180000000

[Time 2585000] BLOCK VALID (FINAL=0)
    DATA: 00000000000000000000000000000000000000000000000000000000000000000000000000000000000000000000000000000000000000000000000000000000000000000000000000000000000000000000000000000000000000000000000000000000000000000000000000000000000000000000000000000000000003e0

--- Excel Case: 16th Word, Pass Only 6 Bytes (Full) ---
SHA512

[Time 2935000] BLOCK VALID (FINAL=0)
    DATA: 6161616161616161616161616161616161616161616161616161616161616161616161616161616161616161616161616161616161616161616161616161616161616161616161616161616161616161616161616161616161616161616161616161616161616161616161616161616161616161616161616161616161618000

[Time 2955000] BLOCK VALID (FINAL=0)
    DATA: 00000000000000000000000000000000000000000000000000000000000000000000000000000000000000000000000000000000000000000000000000000000000000000000000000000000000000000000000000000000000000000000000000000000000000000000000000000000000000000000000000000000000003f0

All tests completed.
Simulation complete via $finish(1) at time 3135 NS + 0
./pad_tb.v:773         $finish;
ncsim> exit
TOOL:	irun(64)	15.20-s051: Exiting on Mar 09, 2019 at 00:48:12 IST  (total: 00:00:01)
