irun(64): 15.20-s051: (c) Copyright 1995-2018 Cadence Design Systems, Inc.
TOOL:	irun(64)	15.20-s051: Started on Mar 06, 2019 at 02:42:29 IST
irun
	-access +rwc
	-f compile.f
		SHA_PADDER.v
		SHA_TOP.v
		SHA_TOP_TB.v
Recompiling... reason: file './SHA_PADDER.v' is newer than expected.
	expected: Wed Mar  6 02:35:54 2019
	actual:   Wed Mar  6 02:42:25 2019
file: SHA_PADDER.v
	module worklib.sha256_padder_fsm:v
		errors: 0, warnings: 0
		Caching library 'worklib' ....... Done
	Elaborating the design hierarchy:
	Top level design units:
		tb_sha256
	Building instance overlay tables: .................... Done
	Generating native compiled code:
		worklib.sha256_padder_fsm:v <0x7575ff26>
			streams:   5, words:  5301
	Building instance specific data structures.
	Loading native compiled code:     .................... Done
	Design hierarchy summary:
		                 Instances  Unique
		Modules:                 3       3
		Registers:              22      22
		Scalar wires:           10       -
		Vectored wires:          5       -
		Always blocks:           8       8
		Initial blocks:          2       2
		Pseudo assignments:      7       7
		Simulation timescale:  1ps
	Writing initial simulation snapshot: worklib.tb_sha256:v
Loading snapshot worklib.tb_sha256:v .................... Done
ncsim> source /tools/cadence/INCISIVE152/tools/inca/files/ncsimrc
ncsim> run
TEST 1 : abc
TEST 2 : OVERFLOW
BLOCK = 00000000414141414141414141414141414141414141414141414141414141414141414141414141414141414141414141414141414141414242000042428000
FINAL = 0
Simulation compleTOOL:	irun(64)	15.20-s051: Exiting on Mar 07, 2019 at 19:20:10 IST  (total: 65:06:29)
OL:	irun(64)	15.20-s051: Exiting on Mar 06, 2019 at 02:TOOL:	irun(64)	15.20-s051: Exiting on Mar 07, 2019 at 19:20:10 IST  (total: 65:19:12)
